// Jest Snapshot v1, https://goo.gl/fbAQLP

exports[`renders correctly 1`] = `
<div
  className="homeContainer"
>
  <h2>
    Welcome to our page!
  </h2>
  <br />
  <br />
  <p>
    Whether you are a student, business owner, engineer, scientist or just an average person working on your taxes, a calculator or scientific calculator is an essential tool to have on hand. A good calculator makes life easier and helps prevent errors. Maybe you are looking for help with finishing simple calculations like ringing up customers or figuring out the correct tip. On the other hand, maybe you are looking for a powerful graphing calculator capable of performing multiple functions. Whatever your needs, we're sure to have a calculator that will meet them.
  </p>
  <br />
  <p>
    Lorem ipsum dolor sit amet consectetur adipisicing elit. Ratione, autem est odio cumque commodi voluptatem quam labore eaque officiis molestiae, dignissimos voluptate magni quasi exercitationem velit harum suscipit natus vel. Eum, soluta doloribus! Molestias dolorem corporis, soluta mollitia tempore vel totam quibusdam dolores aut, eaque itaque veritatis enim alias eum excepturi voluptates ea cupiditate doloribus. Aspernatur quasi voluptatem est sunt. Ducimus cupiditate dicta illo, fugit est unde eos maiores molestias! Quod iste nulla consectetur natus dolorum modi vero suscipit libero neque, expedita mollitia ea explicabo, placeat et, inventore iusto aspernatur?
  </p>
</div>
`;

exports[`renders correctly 2`] = `
<div
  className="quoteWrapper"
>
  <h4>
    Mathematics is not about numbers, equations, computations, or algorithms: it is about understanding.
  </h4>
  <br />
  <h4>
    - William Paul Thurston
  </h4>
</div>
`;

exports[`renders correctly 3`] = `
<div
  className="container"
>
  <nav>
    <a
      className="logo"
      href="/"
      onClick={[Function]}
    >
      Math Magicians
    </a>
    <ul>
      <li>
        <a
          href="/"
          onClick={[Function]}
        >
          Home
        </a>
      </li>
      <li>
        <a
          href="/calculator"
          onClick={[Function]}
        >
          Calculator
        </a>
      </li>
      <li>
        <a
          href="/quote"
          onClick={[Function]}
        >
          Quote
        </a>
      </li>
    </ul>
  </nav>
  <div
    className="homeContainer"
  >
    <h2>
      Welcome to our page!
    </h2>
    <br />
    <br />
    <p>
      Whether you are a student, business owner, engineer, scientist or just an average person working on your taxes, a calculator or scientific calculator is an essential tool to have on hand. A good calculator makes life easier and helps prevent errors. Maybe you are looking for help with finishing simple calculations like ringing up customers or figuring out the correct tip. On the other hand, maybe you are looking for a powerful graphing calculator capable of performing multiple functions. Whatever your needs, we're sure to have a calculator that will meet them.
    </p>
    <br />
    <p>
      Lorem ipsum dolor sit amet consectetur adipisicing elit. Ratione, autem est odio cumque commodi voluptatem quam labore eaque officiis molestiae, dignissimos voluptate magni quasi exercitationem velit harum suscipit natus vel. Eum, soluta doloribus! Molestias dolorem corporis, soluta mollitia tempore vel totam quibusdam dolores aut, eaque itaque veritatis enim alias eum excepturi voluptates ea cupiditate doloribus. Aspernatur quasi voluptatem est sunt. Ducimus cupiditate dicta illo, fugit est unde eos maiores molestias! Quod iste nulla consectetur natus dolorum modi vero suscipit libero neque, expedita mollitia ea explicabo, placeat et, inventore iusto aspernatur?
    </p>
  </div>
</div>
`;
